176 INFO: PyInstaller: 6.19.0, contrib hooks: 2026.4
177 INFO: Python: 3.14.4
195 INFO: Platform: macOS-14.7.3-x86_64-i386-64bit-Mach-O
195 INFO: Python environment: /usr/local/opt/python@3.14/Frameworks/Python.framework/Versions/3.14
206 INFO: Removing temporary files and cleaning cache in /Users/xieyonggao/Library/Application Support/pyinstaller
Traceback (most recent call last):
  File "<frozen runpy>", line 198, in _run_module_as_main
  File "<frozen runpy>", line 88, in _run_code
  File "/usr/local/lib/python3.14/site-packages/PyInstaller/__main__.py", line 321, in <module>
    run()
    ~~~^^
  File "/usr/local/lib/python3.14/site-packages/PyInstaller/__main__.py", line 215, in run
    run_build(pyi_config, spec_file, **vars(args))
    ~~~~~~~~~^^^^^^^^^^^^^^^^^^^^^^^^^^^^^^^^^^^^^
  File "/usr/local/lib/python3.14/site-packages/PyInstaller/__main__.py", line 70, in run_build
    PyInstaller.building.build_main.main(pyi_config, spec_file, **kwargs)
    ~~~~~~~~~~~~~~~~~~~~~~~~~~~~~~~~~~~~^^^^^^^^^^^^^^^^^^^^^^^^^^^^^^^^^
  File "/usr/local/lib/python3.14/site-packages/PyInstaller/building/build_main.py", line 1275, in main
    build(specfile, distpath, workpath, clean_build)
    ~~~~~^^^^^^^^^^^^^^^^^^^^^^^^^^^^^^^^^^^^^^^^^^^
  File "/usr/local/lib/python3.14/site-packages/PyInstaller/building/build_main.py", line 1168, in build
    shutil.rmtree(f)
    ~~~~~~~~~~~~~^^^
  File "/usr/local/Cellar/python@3.14/3.14.4/Frameworks/Python.framework/Versions/3.14/lib/python3.14/shutil.py", line 852, in rmtree
    _rmtree_impl(path, dir_fd, onexc)
    ~~~~~~~~~~~~^^^^^^^^^^^^^^^^^^^^^
  File "/usr/local/Cellar/python@3.14/3.14.4/Frameworks/Python.framework/Versions/3.14/lib/python3.14/shutil.py", line 721, in _rmtree_safe_fd
    _rmtree_safe_fd_step(stack, onexc)
    ~~~~~~~~~~~~~~~~~~~~^^^^^^^^^^^^^^
  File "/usr/local/Cellar/python@3.14/3.14.4/Frameworks/Python.framework/Versions/3.14/lib/python3.14/shutil.py", line 802, in _rmtree_safe_fd_step
    onexc(func, path, err)
    ~~~~~^^^^^^^^^^^^^^^^^
  File "/usr/local/Cellar/python@3.14/3.14.4/Frameworks/Python.framework/Versions/3.14/lib/python3.14/shutil.py", line 795, in _rmtree_safe_fd_step
    onexc(os.unlink, fullname, err)
    ~~~~~^^^^^^^^^^^^^^^^^^^^^^^^^^
  File "/usr/local/Cellar/python@3.14/3.14.4/Frameworks/Python.framework/Versions/3.14/lib/python3.14/shutil.py", line 791, in _rmtree_safe_fd_step
    os.unlink(entry.name, dir_fd=topfd)
    ~~~~~~~~~^^^^^^^^^^^^^^^^^^^^^^^^^^
PermissionError: [Errno 1] Operation not permitted: '/Users/xieyonggao/Library/Application Support/pyinstaller/bincache00py31464bit/x86_64/adhoc/no-entitlements'
